<html>
	<head>
		<title>Welcome</title>
	</head>
	<body>
		Hello, pyTiles
	</body>
</html>
